<?xml version="1.0" encoding="UTF-8"?>
<TestRun id="513f4eec-724b-4b72-8b58-2ff1c767cc91" name="VasilyevMG@MSKVASILYEVMG 2010-11-16 11:59:30" runUser="INFOTECS-NT\VasilyevMG" xmlns="http://microsoft.com/schemas/VisualStudio/TeamTest/2010">
  <TestSettings name="Default Test Settings" id="499dffbf-f17e-4c7f-a1cf-022effcfdf5f">
    <Deployment runDeploymentRoot="VasilyevMG_MSKVASILYEVMG 2010-11-16 11_59_30">
      <DeploymentItem filename="E:\Work\Private\grate\Main\Grate\Grate\bin\Debug\Grate.exe" />
    </Deployment>
    <Execution>
      <TestTypeSpecific />
      <AgentRule name="Execution Agents">
      </AgentRule>
    </Execution>
  </TestSettings>
  <Times creation="2010-11-16T11:59:30.9894621+03:00" queuing="2010-11-16T11:59:32.2213881+03:00" start="2010-11-16T11:59:32.2993581+03:00" finish="2010-11-16T12:00:21.2177361+03:00" />
  <ResultSummary outcome="Error">
    <Counters total="5" executed="3" passed="2" error="0" failed="0" timeout="0" aborted="1" inconclusive="0" passedButRunAborted="0" notRunnable="0" notExecuted="2" disconnected="0" warning="0" completed="0" inProgress="0" pending="0" />
    <RunInfos>
      <RunInfo computerName="MSKVASILYEVMG" outcome="Error" timestamp="2010-11-16T12:00:21.1865481+03:00">
        <Text>Test host process exited unexpectedly.</Text>
      </RunInfo>
    </RunInfos>
  </ResultSummary>
  <TestDefinitions>
    <UnitTest name="TestByHumanVision" storage="e:\work\private\grate\main\grate\gratetest\bin\debug\gratetest.dll" id="15c2f06f-e23d-313d-2989-2650d8c262c3">
      <Execution id="ac0cd13d-b7d3-4902-a348-a20a2c29f404" />
      <TestMethod codeBase="E:/Work/Private/grate/Main/Grate/GrateTest/bin/Debug/GrateTest.DLL" adapterTypeName="Microsoft.VisualStudio.TestTools.TestTypes.Unit.UnitTestAdapter, Microsoft.VisualStudio.QualityTools.Tips.UnitTest.Adapter, Version=10.0.0.0, Culture=neutral, PublicKeyToken=b03f5f7f11d50a3a" className="GrateTest.ColorNodeTest, GrateTest, Version=1.0.0.0, Culture=neutral, PublicKeyToken=null" name="TestByHumanVision" />
    </UnitTest>
    <UnitTest name="TestColorSumWeight" storage="e:\work\private\grate\main\grate\gratetest\bin\debug\gratetest.dll" id="22b04911-9e44-c08a-6bd6-e6ba638de2ee">
      <Execution id="53bf2374-d3d0-461e-a46c-58ee4e9bb9fc" />
      <TestMethod codeBase="E:/Work/Private/grate/Main/Grate/GrateTest/bin/Debug/GrateTest.DLL" adapterTypeName="Microsoft.VisualStudio.TestTools.TestTypes.Unit.UnitTestAdapter, Microsoft.VisualStudio.QualityTools.Tips.UnitTest.Adapter, Version=10.0.0.0, Culture=neutral, PublicKeyToken=b03f5f7f11d50a3a" className="GrateTest.ColorNodeTest, GrateTest, Version=1.0.0.0, Culture=neutral, PublicKeyToken=null" name="TestColorSumWeight" />
    </UnitTest>
    <UnitTest name="TestColorNodeAddTwoNodes" storage="e:\work\private\grate\main\grate\gratetest\bin\debug\gratetest.dll" id="d4970e81-7977-8100-0f94-f2685882908e">
      <Execution id="9b104632-0eb9-436a-be5d-7f102d4dbe84" />
      <TestMethod codeBase="E:/Work/Private/grate/Main/Grate/GrateTest/bin/Debug/GrateTest.DLL" adapterTypeName="Microsoft.VisualStudio.TestTools.TestTypes.Unit.UnitTestAdapter, Microsoft.VisualStudio.QualityTools.Tips.UnitTest.Adapter, Version=10.0.0.0, Culture=neutral, PublicKeyToken=b03f5f7f11d50a3a" className="GrateTest.ColorNodeTest, GrateTest, Version=1.0.0.0, Culture=neutral, PublicKeyToken=null" name="TestColorNodeAddTwoNodes" />
    </UnitTest>
    <UnitTest name="TestContructorColorNode" storage="e:\work\private\grate\main\grate\gratetest\bin\debug\gratetest.dll" id="201cc5f2-caac-4be9-a6b5-9b3643babc8c">
      <Execution id="5df0e950-c692-4f16-b743-afef1966d7e8" />
      <TestMethod codeBase="E:/Work/Private/grate/Main/Grate/GrateTest/bin/Debug/GrateTest.DLL" adapterTypeName="Microsoft.VisualStudio.TestTools.TestTypes.Unit.UnitTestAdapter, Microsoft.VisualStudio.QualityTools.Tips.UnitTest.Adapter, Version=10.0.0.0, Culture=neutral, PublicKeyToken=b03f5f7f11d50a3a" className="GrateTest.ColorNodeTest, GrateTest, Version=1.0.0.0, Culture=neutral, PublicKeyToken=null" name="TestContructorColorNode" />
    </UnitTest>
    <UnitTest name="TestContructorColorNodeException" storage="e:\work\private\grate\main\grate\gratetest\bin\debug\gratetest.dll" id="6014812e-de32-adb5-9bca-85c2a17a3bae">
      <Execution id="e105e2d0-93df-4914-a399-dacebb850915" />
      <TestMethod codeBase="E:/Work/Private/grate/Main/Grate/GrateTest/bin/Debug/GrateTest.DLL" adapterTypeName="Microsoft.VisualStudio.TestTools.TestTypes.Unit.UnitTestAdapter, Microsoft.VisualStudio.QualityTools.Tips.UnitTest.Adapter, Version=10.0.0.0, Culture=neutral, PublicKeyToken=b03f5f7f11d50a3a" className="GrateTest.ColorNodeTest, GrateTest, Version=1.0.0.0, Culture=neutral, PublicKeyToken=null" name="TestContructorColorNodeException" />
    </UnitTest>
  </TestDefinitions>
  <TestLists>
    <TestList name="Results Not in a List" id="8c84fa94-04c1-424b-9868-57a2d4851a1d" />
    <TestList name="All Loaded Results" id="19431567-8539-422a-85d7-44ee4e166bda" />
  </TestLists>
  <TestEntries>
    <TestEntry testId="201cc5f2-caac-4be9-a6b5-9b3643babc8c" executionId="5df0e950-c692-4f16-b743-afef1966d7e8" testListId="8c84fa94-04c1-424b-9868-57a2d4851a1d" />
    <TestEntry testId="d4970e81-7977-8100-0f94-f2685882908e" executionId="9b104632-0eb9-436a-be5d-7f102d4dbe84" testListId="8c84fa94-04c1-424b-9868-57a2d4851a1d" />
    <TestEntry testId="6014812e-de32-adb5-9bca-85c2a17a3bae" executionId="e105e2d0-93df-4914-a399-dacebb850915" testListId="8c84fa94-04c1-424b-9868-57a2d4851a1d" />
    <TestEntry testId="22b04911-9e44-c08a-6bd6-e6ba638de2ee" executionId="53bf2374-d3d0-461e-a46c-58ee4e9bb9fc" testListId="8c84fa94-04c1-424b-9868-57a2d4851a1d" />
    <TestEntry testId="15c2f06f-e23d-313d-2989-2650d8c262c3" executionId="ac0cd13d-b7d3-4902-a348-a20a2c29f404" testListId="8c84fa94-04c1-424b-9868-57a2d4851a1d" />
  </TestEntries>
  <Results>
    <UnitTestResult executionId="5df0e950-c692-4f16-b743-afef1966d7e8" testId="201cc5f2-caac-4be9-a6b5-9b3643babc8c" testName="TestContructorColorNode" computerName="MSKVASILYEVMG" duration="00:00:00.0274260" startTime="2010-11-16T11:59:32.3305461+03:00" endTime="2010-11-16T11:59:34.4669241+03:00" testType="13cdc9d9-ddb5-4fa4-a97d-d965ccfc6d4b" outcome="Passed" testListId="8c84fa94-04c1-424b-9868-57a2d4851a1d" relativeResultsDirectory="5df0e950-c692-4f16-b743-afef1966d7e8">
    </UnitTestResult>
    <UnitTestResult executionId="9b104632-0eb9-436a-be5d-7f102d4dbe84" testId="d4970e81-7977-8100-0f94-f2685882908e" testName="TestColorNodeAddTwoNodes" computerName="MSKVASILYEVMG" duration="00:00:00.0286664" startTime="2010-11-16T11:59:34.4825181+03:00" endTime="2010-11-16T11:59:34.5293001+03:00" testType="13cdc9d9-ddb5-4fa4-a97d-d965ccfc6d4b" outcome="Passed" testListId="8c84fa94-04c1-424b-9868-57a2d4851a1d" relativeResultsDirectory="9b104632-0eb9-436a-be5d-7f102d4dbe84">
    </UnitTestResult>
    <UnitTestResult executionId="e105e2d0-93df-4914-a399-dacebb850915" testId="6014812e-de32-adb5-9bca-85c2a17a3bae" testName="TestContructorColorNodeException" computerName="MSKVASILYEVMG" duration="00:00:46.6728420" startTime="2010-11-16T11:59:34.5293001+03:00" endTime="2010-11-16T12:00:21.2021421+03:00" testType="13cdc9d9-ddb5-4fa4-a97d-d965ccfc6d4b" outcome="Aborted" testListId="8c84fa94-04c1-424b-9868-57a2d4851a1d" relativeResultsDirectory="e105e2d0-93df-4914-a399-dacebb850915">
    </UnitTestResult>
    <UnitTestResult executionId="53bf2374-d3d0-461e-a46c-58ee4e9bb9fc" testId="22b04911-9e44-c08a-6bd6-e6ba638de2ee" testName="TestColorSumWeight" computerName="MSKVASILYEVMG" testType="13cdc9d9-ddb5-4fa4-a97d-d965ccfc6d4b" outcome="NotExecuted" testListId="8c84fa94-04c1-424b-9868-57a2d4851a1d" relativeResultsDirectory="53bf2374-d3d0-461e-a46c-58ee4e9bb9fc">
    </UnitTestResult>
    <UnitTestResult executionId="ac0cd13d-b7d3-4902-a348-a20a2c29f404" testId="15c2f06f-e23d-313d-2989-2650d8c262c3" testName="TestByHumanVision" computerName="MSKVASILYEVMG" testType="13cdc9d9-ddb5-4fa4-a97d-d965ccfc6d4b" outcome="NotExecuted" testListId="8c84fa94-04c1-424b-9868-57a2d4851a1d" relativeResultsDirectory="ac0cd13d-b7d3-4902-a348-a20a2c29f404">
    </UnitTestResult>
  </Results>
</TestRun>